
Solution:
g  g  g  g  g  
g  R  r  r  r  
g  b  b  b  b  
g  b  p  P  b  
g  b  p  L  B  
=============
g  b  P  l  y  ||  y  y  Y  r  g  
g  b  B  l  y  ||  R  r  r  r  g  
g  -  -  l  y  ||  y  y  y  -  g  
g  -  -  l  l  ||  l  L  y  G  g  
g  g  g  g  g  ||  G  -  Y  -  -  
