
Solution:
g  g  g  g  X  
g  R  r  g  X  
g  g  r  g  X  
L  g  r  g  X  
l  g  r  g  G  
=============
l  G  r  r  r  ||  r  r  r  r  r  
l  P  p  p  p  ||  p  p  p  P  r  
l  l  l  l  r  ||  r  r  r  r  r  
X  X  X  l  r  ||  X  X  X  X  X  
L  l  l  l  r  ||  r  r  r  r  R  
