
Solution:
l  l  l  L  Y  
l  -  p  p  p  
l  -  P  G  y  
l  r  R  g  y  
l  r  -  g  y  
=============
l  r  -  g  y  ||  G  R  y  P  y  
l  r  -  g  Y  ||  g  r  y  y  y  
l  r  -  g  g  ||  g  r  L  l  l  
l  r  r  r  r  ||  r  r  -  -  l  
l  l  l  l  l  ||  l  l  l  l  l  
