
Solution:
g  g  g  g  y  
g  B  R  g  y  
g  b  r  g  y  
g  b  r  g  y  
g  b  r  g  Y  
=============
G  b  r  g  G  ||  L  p  p  P  y  
-  b  r  -  -  ||  l  p  -  L  y  
Y  b  R  -  B  ||  l  P  -  l  y  
y  b  b  b  b  ||  l  l  l  l  y  
y  y  y  y  y  ||  y  y  y  y  y  
