
Solution:
r  r  r  G  g  
r  P  r  l  l  
r  p  r  l  g  
r  p  r  l  g  
r  p  r  l  g  
=============
r  p  r  l  B  ||  G  R  g  L  g  
r  p  r  L  b  ||  b  r  g  g  g  
r  p  r  R  P  ||  b  r  r  r  r  
r  p  p  p  p  ||  b  b  b  B  r  
r  r  r  r  r  ||  r  r  r  r  r  
