
Solution:
r  r  r  r  r  
r  P  L  B  Y  
r  p  l  b  y  
r  p  l  b  y  
r  p  l  b  y  
=============
r  p  l  b  Y  ||  R  r  r  r  r  
r  p  l  b  b  ||  b  b  b  b  B  
r  p  l  l  l  ||  l  l  l  l  L  
r  p  p  p  p  ||  p  p  p  p  P  
r  r  r  r  r  ||  r  r  r  r  R  
