
Solution:
-  -  -  Y  y  y  
-  B  b  b  b  b  
R  g  g  G  p  p  
r  g  P  p  p  X  
r  g  g  g  g  g  
r  L  l  l  l  X  
================
r  G  g  -  l  X  ||  X  g  p  p  b  y  
r  r  g  -  l  -  ||  -  g  p  b  b  y  
X  r  g  X  l  -  ||  -  g  p  b  Y  y  
r  r  g  -  l  l  ||  L  g  p  b  -  -  
r  X  g  g  g  g  ||  g  g  P  b  b  b  
r  r  r  r  r  r  ||  r  r  r  R  -  B  
