
Solution:
G  y  y  Y  G  
g  y  C  c  c  
g  y  y  y  y  
g  X  X  X  y  
g  y  y  y  y  
=============
g  y  b  b  b  ||  b  b  B  c  g  
g  y  b  C  c  ||  c  c  X  c  g  
g  y  B  g  g  ||  g  c  X  c  g  
g  y  Y  g  X  ||  g  c  c  c  g  
g  g  g  g  X  ||  g  g  g  g  g  
