
Solution:
l  l  l  l  l  
l  y  y  y  X  
l  y  R  y  y  
l  y  r  X  y  
l  y  r  y  y  
=============
l  y  r  y  X  ||  L  l  l  l  l  
l  y  r  y  y  ||  y  X  X  X  X  
l  y  r  r  r  ||  y  y  y  y  y  
l  y  y  Y  r  ||  r  R  X  -  y  
l  l  l  l  l  ||  l  l  l  L  Y  
