
Solution:
-  C  c  -  X  -  
-  -  c  y  y  y  
-  P  c  Y  c  c  
-  p  c  c  c  X  
B  p  X  G  g  g  
b  p  p  p  p  p  
================
b  b  G  g  X  X  ||  P  g  X  c  y  y  
X  b  X  g  g  g  ||  g  g  -  c  X  y  
-  b  b  b  b  X  ||  C  c  X  c  B  y  
y  y  Y  -  b  X  ||  X  c  c  c  b  y  
y  X  X  -  b  b  ||  b  b  b  b  b  y  
y  y  y  y  y  y  ||  y  y  y  y  y  y  
