
Solution:
r  r  r  r  r  l  
R  b  b  b  R  l  
-  B  C  b  -  l  
c  c  c  b  b  L  
c  g  g  g  b  -  
c  g  X  g  b  B  
================
c  g  X  g  g  G  ||  Y  y  P  X  -  l  
c  g  -  l  l  l  ||  l  y  p  p  p  l  
c  g  C  l  p  P  ||  L  y  X  -  p  l  
c  G  c  l  p  X  ||  X  y  y  Y  p  l  
c  -  c  l  p  p  ||  p  p  p  p  p  l  
c  c  c  l  l  l  ||  l  l  l  l  l  l  
